feature@org.amanzi.splash.extras_feature=COPY,/home/amabdelsalam/hudson/jobs/awe/workspace/awe,org.amanzi.splash.extras-feature
feature@org.neo4j.neoclipse_feature=COPY,/home/amabdelsalam/hudson/jobs/awe/workspace/awe,org.neo4j.neoclipse-feature
plugin@org.neo4j=COPY,/home/amabdelsalam/hudson/jobs/awe/workspace/awe,org.neo4j
plugin@org.neo4j.neoclipse=COPY,/home/amabdelsalam/hudson/jobs/awe/workspace/awe,org.neo4j.neoclipse
plugin@org.amanzi.gef=COPY,/home/amabdelsalam/hudson/jobs/awe/workspace/awe,org.amanzi.gef
feature@org.amanzi.awe_feature=COPY,/home/amabdelsalam/hudson/jobs/awe/workspace/awe,org.amanzi.awe-feature
plugin@org.amanzi.awe=COPY,/home/amabdelsalam/hudson/jobs/awe/workspace/awe,org.amanzi.awe
plugin@org.amanzi.awe.ui.operation.shape_export=COPY,/home/amabdelsalam/hudson/jobs/awe/workspace/awe,org.amanzi.awe.ui.operation.shape_export
plugin@org.jruby=COPY,/home/amabdelsalam/hudson/jobs/awe/workspace/awe,org.jruby
plugin@org.amanzi.awe.script=COPY,/home/amabdelsalam/hudson/jobs/awe/workspace/awe,org.amanzi.awe.script
plugin@org.amanzi.awe.script.jirb=COPY,/home/amabdelsalam/hudson/jobs/awe/workspace/awe,org.amanzi.awe.script.jirb
plugin@org.amanzi.scripting.jirb=COPY,/home/amabdelsalam/hudson/jobs/awe/workspace/awe,org.amanzi.scripting.jirb
plugin@org.amanzi.scripting.jruby=COPY,/home/amabdelsalam/hudson/jobs/awe/workspace/awe,org.amanzi.scripting.jruby
plugin@org.amanzi.awe.catalog.neo=COPY,/home/amabdelsalam/hudson/jobs/awe/workspace/awe,org.amanzi.awe.catalog.neo
plugin@org.amanzi.awe.render.network=COPY,/home/amabdelsalam/hudson/jobs/awe/workspace/awe,org.amanzi.awe.render.network
plugin@org.amanzi.integrator.awe=COPY,/home/amabdelsalam/hudson/jobs/awe/workspace/awe,org.amanzi.integrator.awe
plugin@org.amanzi.integrator.rdt=COPY,/home/amabdelsalam/hudson/jobs/awe/workspace/awe,org.amanzi.integrator.rdt
plugin@org.amanzi.neo.loader=COPY,/home/amabdelsalam/hudson/jobs/awe/workspace/awe,org.amanzi.neo.loader
plugin@org.kxml2=COPY,/home/amabdelsalam/hudson/jobs/awe/workspace/awe,org.kxml2
plugin@net.refractions.udig.catalog.mitab=COPY,/home/amabdelsalam/hudson/jobs/awe/workspace/awe,net.refractions.udig.catalog.mitab
plugin@net.refractions.udig.project=COPY,/home/amabdelsalam/hudson/jobs/awe/workspace/awe,net.refractions.udig.project
plugin@net.refractions.udig.project.edit=COPY,/home/amabdelsalam/hudson/jobs/awe/workspace/awe,net.refractions.udig.project.edit
plugin@net.refractions.udig.project.ui=COPY,/home/amabdelsalam/hudson/jobs/awe/workspace/awe,net.refractions.udig.project.ui
plugin@org.amanzi.awe.views.network=COPY,/home/amabdelsalam/hudson/jobs/awe/workspace/awe,org.amanzi.awe.views.network
plugin@org.amanzi.neo.core=COPY,/home/amabdelsalam/hudson/jobs/awe/workspace/awe,org.amanzi.neo.core
plugin@org.amanzi.awe.render.drive=COPY,/home/amabdelsalam/hudson/jobs/awe/workspace/awe,org.amanzi.awe.render.drive
plugin@org.amanzi.awe.views.reuse=COPY,/home/amabdelsalam/hudson/jobs/awe/workspace/awe,org.amanzi.awe.views.reuse
plugin@org.amanzi.awe.neostyle=COPY,/home/amabdelsalam/hudson/jobs/awe/workspace/awe,org.amanzi.awe.neostyle
plugin@org.amanzi.awe.views.drive=COPY,/home/amabdelsalam/hudson/jobs/awe/workspace/awe,org.amanzi.awe.views.drive
plugin@org.jfree=COPY,/home/amabdelsalam/hudson/jobs/awe/workspace/awe,org.jfree
plugin@org.amanzi.gef=COPY,/home/amabdelsalam/hudson/jobs/awe/workspace/awe,org.amanzi.gef
plugin@org.amanzi.awe.tool.star=COPY,/home/amabdelsalam/hudson/jobs/awe/workspace/awe,org.amanzi.awe.tool.star
